// Jest Snapshot v1, https://goo.gl/fbAQLP

exports[`add new contact fab renders correctly 1`] = `
<RNCSafeAreaProvider
  onInsetsChange={[Function]}
  style={
    [
      {
        "flex": 1,
      },
      undefined,
    ]
  }
>
  <View
    accessibilityRole="button"
    accessible={true}
    collapsable={false}
    colorScheme="primary"
    dataSet={{}}
    focusable={true}
    onBlur={[Function]}
    onClick={[Function]}
    onFocus={[Function]}
    onResponderGrant={[Function]}
    onResponderMove={[Function]}
    onResponderRelease={[Function]}
    onResponderTerminate={[Function]}
    onResponderTerminationRequest={[Function]}
    onStartShouldSetResponder={[Function]}
    style={
      {
        "alignItems": "center",
        "backgroundColor": {
          "100": "#cffafe",
          "200": "#a5f3fc",
          "300": "#67e8f9",
          "400": "#22d3ee",
          "50": "#ecfeff",
          "500": "#06b6d4",
          "600": "#0891b2",
          "700": "#0e7490",
          "800": "#155e75",
          "900": "#164e63",
        },
        "borderRadius": 9999,
        "bottom": 16,
        "elevation": 3,
        "flexDirection": "row",
        "height": 64,
        "justifyContent": "center",
        "paddingBottom": 16,
        "paddingLeft": 16,
        "paddingRight": 16,
        "paddingTop": 16,
        "position": "absolute",
        "right": 16,
        "shadowColor": "#000000",
        "shadowOffset": {
          "height": 1,
          "width": 0,
        },
        "shadowOpacity": 0.22,
        "shadowRadius": 2.22,
        "width": 64,
        "zIndex": 20,
      }
    }
    testID="fab"
  >
    <View
      dataSet={{}}
      style={
        {
          "alignItems": "center",
          "flexDirection": "row",
        }
      }
      test={true}
    >
      <Text />
    </View>
  </View>
</RNCSafeAreaProvider>
`;
